cd ..
PS C:\Users\abith\OneDrive\Desktop\gif> cd gith2
PS C:\Users\abith\OneDrive\Desktop\gif\gith2> git init
Initialized empty Git repository in C:/Users/abith/OneDrive/Desktop/gif/gith2/.git/
PS C:\Users\abith\OneDrive\Desktop\gif\gith2> git add .
PS C:\Users\abith\OneDrive\Desktop\gif\gith2> git commit -m  "created new"
[main (root-commit) e608554] created new
 1 file changed, 0 insertions(+), 0 deletions(-)
 create mode 100644 index
PS C:\Users\abith\OneDrive\Desktop\gif\gith2> git add . 
PS C:\Users\abith\OneDrive\Desktop\gif\gith2> git commit "created new2"
error: pathspec 'created new2' did not match any file(s) known to git
PS C:\Users\abith\OneDrive\Desktop\gif\gith2> git commit -m "created new2"
[main 0d54dbe] created new2
 1 file changed, 0 insertions(+), 0 deletions(-)
 create mode 100644 html.txt
PS C:\Users\abith\OneDrive\Desktop\gif\gith2> git push origin main
fatal: 'origin' does not appear to be a git repository
fatal: Could not read from remote repository.

Please make sure you have the correct access rights
and the repository exists.
PS C:\Users\abith\OneDrive\Desktop\gif\gith2> git remote add origin https://github.com/AbithaFelicia/gith2.git
PS C:\Users\abith\OneDrive\Desktop\gif\gith2> git branch
* main
PS C:\Users\abith\OneDrive\Desktop\gif\gith2> git push origin main
Enumerating objects: 5, done.
Counting objects: 100% (5/5), done.
Delta compression using up to 12 threads
Compressing objects: 100% (3/3), done.
Writing objects: 100% (5/5), 416 bytes | 59.00 KiB/s, done.
Total 5 (delta 0), reused 0 (delta 0), pack-reused 0 (from 0)
To https://github.com/AbithaFelicia/gith2.git
 * [new branch]      main -> main
PS C:\Users\abith\OneDrive\Desktop\gif\gith2> git branch -m master
PS C:\Users\abith\OneDrive\Desktop\gif\gith2> git branch
* master
PS C:\Users\abith\OneDrive\Desktop\gif\gith2> git branch -m main
PS C:\Users\abith\OneDrive\Desktop\gif\gith2> git branch
* main
PS C:\Users\abith\OneDrive\Desktop\gif\gith2> git add .
PS C:\Users\abith\OneDrive\Desktop\gif\gith2> git commit -m "added"
[main e3f2e61] added
 1 file changed, 0 insertions(+), 0 deletions(-)
 create mode 100644 test1.txt
PS C:\Users\abith\OneDrive\Desktop\gif\gith2> git branch -a
* main
  remotes/origin/main
PS C:\Users\abith\OneDrive\Desktop\gif\gith2> git branch -a
* main
  remotes/origin/main
PS C:\Users\abith\OneDrive\Desktop\gif\gith2> git pull
From https://github.com/AbithaFelicia/gith2
 * [new branch]      panda      -> origin/panda
There is no tracking information for the current branch.
Please specify which branch you want to merge with.
See git-pull(1) for details.

    git pull <remote> <branch>

If you wish to set tracking information for this branch you can do so with:

    git branch --set-upstream-to=origin/<branch> main

PS C:\Users\abith\OneDrive\Desktop\gif\gith2> git branch -a
* main
  remotes/origin/main
  remotes/origin/panda
PS C:\Users\abith\OneDrive\Desktop\gif\gith2> git checkout panda
branch 'panda' set up to track 'origin/panda'.
Switched to a new branch 'panda'
PS C:\Users\abith\OneDrive\Desktop\gif\gith2> git branch -a
  main
* panda
  remotes/origin/main
  remotes/origin/panda
PS C:\Users\abith\OneDrive\Desktop\gif\gith2> git add .
PS C:\Users\abith\OneDrive\Desktop\gif\gith2> git commit -m "created from panda"
[panda c18b96d] created from panda
 1 file changed, 0 insertions(+), 0 deletions(-)
 create mode 100644 file1
PS C:\Users\abith\OneDrive\Desktop\gif\gith2> git push origin panda
fatal: unable to access 'https://github.com/AbithaFelicia/gith2.git/': Could not resolve host: github.com
PS C:\Users\abith\OneDrive\Desktop\gif\gith2> git push origin panda
Enumerating objects: 3, done.
Counting objects: 100% (3/3), done.
Delta compression using up to 12 threads
Compressing objects: 100% (2/2), done.
Writing objects: 100% (2/2), 253 bytes | 126.00 KiB/s, done.
Total 2 (delta 0), reused 0 (delta 0), pack-reused 0 (from 0)
To https://github.com/AbithaFelicia/gith2.git
   0d54dbe..c18b96d  panda -> panda
PS C:\Users\abith\OneDrive\Desktop\gif\gith2> git checkout main
Switched to branch 'main'
PS C:\Users\abith\OneDrive\Desktop\gif\gith2> git checkout panda
Switched to branch 'panda'
Your branch is up to date with 'origin/panda'.
PS C:\Users\abith\OneDrive\Desktop\gif\gith2> git checkout main
Switched to branch 'main'
PS C:\Users\abith\OneDrive\Desktop\gif\gith2>
PS C:\Users\abith\OneDrive\Desktop\gif\gith2> git diff
PS C:\Users\abith\OneDrive\Desktop\gif\gith2> git diff panda
diff --git a/file1 b/test1.txt
similarity index 100%
rename from file1
rename to test1.txt
PS C:\Users\abith\OneDrive\Desktop\gif\gith2> git diff main
PS C:\Users\abith\OneDrive\Desktop\gif\gith2> git merge panda
Merge made by the 'ort' strategy.
 file1 | 0
 1 file changed, 0 insertions(+), 0 deletions(-)
 create mode 100644 file1
PS C:\Users\abith\OneDrive\Desktop\gif\gith2> git push origin main
Enumerating objects: 6, done.
Counting objects: 100% (6/6), done.
Delta compression using up to 12 threads
Compressing objects: 100% (4/4), done.
Writing objects: 100% (4/4), 487 bytes | 121.00 KiB/s, done.
Total 4 (delta 1), reused 0 (delta 0), pack-reused 0 (from 0)
remote: Resolving deltas: 100% (1/1), completed with 1 local object.
To https://github.com/AbithaFelicia/gith2.git
   0d54dbe..6cbd163  main -> main
